// Jest Snapshot v1, https://goo.gl/fbAQLP

exports[`画面レイアウト スナップショットテスト 1`] = `
"<div>
  <h1>BookIndex</h1>
  <div class=\\"row\\">
    <div class=\\"col col-8\\">
      <router-link-stub class=\\"mb-3 v-btn v-btn--is-elevated v-btn--has-bg v-btn--router theme--light v-size--default primary\\"><span class=\\"v-btn__content\\">検索する</span></router-link-stub>
    </div>
    <div class=\\"col col-4\\"><button type=\\"button\\" class=\\"v-btn v-btn--is-elevated v-btn--has-bg theme--light v-size--default error\\"><span class=\\"v-btn__content\\"> 削除する </span></button></div>
  </div>
  <div class=\\"row\\"></div>
</div>"
`;
