// Jest Snapshot v1, https://goo.gl/fbAQLP

exports[`画面レイアウト スナップショットテスト 1`] = `
"<div>
  <nav class=\\"v-navigation-drawer v-navigation-drawer--close v-navigation-drawer--fixed v-navigation-drawer--is-mobile theme--light purple lighten-5\\" style=\\"height: 100vh; top: 0px; transform: translateX(-100%); width: 256px;\\">
    <div class=\\"v-navigation-drawer__content\\">
      <div class=\\"v-list v-sheet theme--light\\">
        <router-link-stub tabindex=\\"0\\" router=\\"\\" class=\\"v-list-item v-list-item--link theme--light\\">
          <div class=\\"v-list-item__action\\"><i aria-hidden=\\"true\\" class=\\"v-icon notranslate mdi mdi-apps theme--light\\"></i></div>
          <div class=\\"v-list-item__content\\">
            <div class=\\"v-list-item__title\\">Welcome</div>
          </div>
        </router-link-stub>
        <router-link-stub tabindex=\\"0\\" router=\\"\\" class=\\"v-list-item v-list-item--link theme--light\\">
          <div class=\\"v-list-item__action\\"><i aria-hidden=\\"true\\" class=\\"v-icon notranslate mdi mdi-chart-bubble theme--light\\"></i></div>
          <div class=\\"v-list-item__content\\">
            <div class=\\"v-list-item__title\\">BookList</div>
          </div>
        </router-link-stub>
      </div>
    </div>
    <div class=\\"v-navigation-drawer__border\\"></div>
  </nav>
  <header class=\\"v-sheet theme--light v-toolbar v-app-bar v-app-bar--fixed purple lighten-2\\" style=\\"height: 64px; margin-top: 0px; transform: translateY(0px); left: 0px; right: 0px;\\">
    <div class=\\"v-toolbar__content\\" style=\\"height: 64px;\\"><button type=\\"button\\" class=\\"v-app-bar__nav-icon v-btn v-btn--icon v-btn--round theme--light v-size--default\\"><span class=\\"v-btn__content\\"><i aria-hidden=\\"true\\" class=\\"v-icon notranslate mdi mdi-menu theme--light\\"></i></span></button>
      <div class=\\"v-toolbar__title\\">書籍管理アプリ</div>
    </div>
  </header>
</div>"
`;
